------------------------------------------------------------
Timing Analyzer Summary
------------------------------------------------------------

Type  : Slow 1150mV 100C Model Setup 'CLK'
Slack : -0.722
TNS   : -75.640

Type  : Slow 1150mV 100C Model Hold 'CLK'
Slack : 0.225
TNS   : 0.000

Type  : Slow 1150mV 100C Model Minimum Pulse Width 'CLK'
Slack : 3.138
TNS   : 0.000

Type  : Slow 1150mV -40C Model Setup 'CLK'
Slack : -0.238
TNS   : -4.444

Type  : Slow 1150mV -40C Model Hold 'CLK'
Slack : 0.092
TNS   : 0.000

Type  : Slow 1150mV -40C Model Minimum Pulse Width 'CLK'
Slack : 3.121
TNS   : 0.000

Type  : Fast 1150mV 100C Model Setup 'CLK'
Slack : 2.056
TNS   : 0.000

Type  : Fast 1150mV 100C Model Hold 'CLK'
Slack : 0.156
TNS   : 0.000

Type  : Fast 1150mV 100C Model Minimum Pulse Width 'CLK'
Slack : 2.969
TNS   : 0.000

Type  : Fast 1150mV -40C Model Setup 'CLK'
Slack : 2.733
TNS   : 0.000

Type  : Fast 1150mV -40C Model Hold 'CLK'
Slack : 0.074
TNS   : 0.000

Type  : Fast 1150mV -40C Model Minimum Pulse Width 'CLK'
Slack : 2.966
TNS   : 0.000

------------------------------------------------------------
